---
source: src/parser/mod.rs
expression: program.nodes
---
- Expression:
    Identifier: foobar

