---
source: src/parser.rs
expression: program.nodes
---
- Expression:
    Identifier: foobar

