---
source: src/parser.rs
expression: program.nodes
---
- Expression:
    Literal:
      Int: 3

