---
source: src/eval.rs
expression: result
---
- Function:
    parameters:
      - x
    body:
      - Expression:
          BinaryExp:
            operator: Add
            lhs:
              Identifier: x
            rhs:
              Literal:
                Int: 2
    env:
      curr: {}
      outer: ~

