---
source: src/eval.rs
expression: result
---
- String: helloworld

