---
source: src/eval.rs
expression: result
---
- Int: 10
- Int: 10
- Int: 10
- Int: 10
- Int: 10
- Int: 10

