---
source: src/eval.rs
expression: result
---
- Int: 55

