---
source: src/eval.rs
expression: result
---
- Int: 5
- Int: -10
- Int: 28
- Int: 50

