---
source: src/parser.rs
expression: program.nodes
---
- Expression:
    Oposite:
      Literal:
        Int: 1
- Expression:
    Not:
      Literal:
        Int: 5
- Expression:
    Not:
      Not:
        Oposite:
          Literal:
            Int: 2

